CPU:
Apple M3 Pro
Load:
13:19  up 2 days, 21:42, 1 user, load averages: 3.68 5.17 5.43
Memory:
Mach Virtual Memory Statistics: (page size of 16384 bytes)
Pages free:                                4760.
Pages active:                            201141.
Pages inactive:                          193478.
Pages speculative:                         7073.
Pages throttled:                              0.
Pages wired down:                        190919.
Pages purgeable:                              5.
"Translation faults":                5643527373.
Pages copy-on-write:                   74258878.
Pages zero filled:                   1055192393.
Pages reactivated:                   2356395495.
Pages purged:                         205146906.
File-backed pages:                       146066.
Anonymous pages:                         255626.
Disk:
Filesystem                                               Size    Used   Avail Capacity iused ifree %iused  Mounted on
/dev/disk3s1s1                                          460Gi    13Gi    20Gi    41%    426k  210M    0%   /
devfs                                                   210Ki   210Ki     0Bi   100%     726     0  100%   /dev
/dev/disk3s6                                            460Gi    10Gi    20Gi    34%      10  210M    0%   /System/Volumes/VM
/dev/disk3s2                                            460Gi    13Gi    20Gi    40%    1.8k  210M    0%   /System/Volumes/Preboot
/dev/disk3s4                                            460Gi   726Mi    20Gi     4%     337  210M    0%   /System/Volumes/Update
/dev/disk1s2                                            500Mi   6.0Mi   481Mi     2%       1  4.9M    0%   /System/Volumes/xarts
/dev/disk1s1                                            500Mi   5.4Mi   481Mi     2%      34  4.9M    0%   /System/Volumes/iSCPreboot
/dev/disk1s3                                            500Mi   2.9Mi   481Mi     1%      92  4.9M    0%   /System/Volumes/Hardware
/dev/disk3s5                                            460Gi   401Gi    20Gi    96%    2.9M  210M    1%   /System/Volumes/Data
map auto_home                                             0Bi     0Bi     0Bi   100%       0     0     -   /System/Volumes/Data/home
/dev/disk2s1                                            5.0Gi   1.8Gi   3.1Gi    38%      62   33M    0%   /System/Volumes/Update/SFR/mnt1
/dev/disk5s1                                            760Mi   703Mi    57Mi    93%     728  4.3G    0%   /Volumes/Altair RapidMiner AI Studio 2025.1.1
/Users/baileymahoney/Downloads/Visual Studio Code.app   460Gi   398Gi    24Gi    95%    2.9M  250M    1%   /private/var/folders/_t/sdy9_c290pn3xqt_39rtkjcm0000gn/T/AppTranslocation/693E8E8C-7C68-4DF7-BC52-CBB4BD32FA61
/dev/disk3s1                                            460Gi    13Gi    20Gi    41%    426k  210M    0%   /System/Volumes/Update/mnt1
Open Ports (top 50 LISTEN/UDP):
tcp46      0      0  *.9090                 *.*                    LISTEN     
tcp46      0      0  *.7777                 *.*                    LISTEN     
tcp46      0      0  *.4222                 *.*                    LISTEN     
tcp46      0      0  *.8222                 *.*                    LISTEN     
tcp6       0      0  *.57160                *.*                    LISTEN     
tcp4       0      0  *.57160                *.*                    LISTEN     
tcp4       0      0  *.56379                *.*                    LISTEN     
tcp4       0      0  127.0.0.1.6443         *.*                    LISTEN     
tcp4       0      0  127.0.0.1.50864        *.*                    LISTEN     
tcp46      0      0  *.56640                *.*                    LISTEN     
tcp4       0      0  127.0.0.1.56622        *.*                    LISTEN     
tcp4       0      0  127.0.0.1.19292        *.*                    LISTEN     
tcp4       0      0  *.59869                *.*                    LISTEN     
tcp4       0      0  127.0.0.1.16494        *.*                    LISTEN     
tcp4       0      0  127.0.0.1.15393        *.*                    LISTEN     
tcp4       0      0  *.57621                *.*                    LISTEN     
tcp4       0      0  127.0.0.1.15292        *.*                    LISTEN     
tcp6       0      0  ::1.42050              *.*                    LISTEN     
tcp4       0      0  127.0.0.1.5432         *.*                    LISTEN     
tcp6       0      0  ::1.5432               *.*                    LISTEN     
tcp6       0      0  ::1.6379               *.*                    LISTEN     
tcp4       0      0  127.0.0.1.6379         *.*                    LISTEN     
tcp4       0      0  127.0.0.1.7768         *.*                    LISTEN     
tcp6       0      0  *.5000                 *.*                    LISTEN     
tcp4       0      0  *.5000                 *.*                    LISTEN     
tcp6       0      0  *.7000                 *.*                    LISTEN     
tcp4       0      0  *.7000                 *.*                    LISTEN     
